ARM Linker, 4.1 [Build 894] [Evaluation]

==============================================================================

Small function inlining results

Inlined function __aeabi_idiv0 from aeabi_idiv0.o at offset 0x154 in aeabi_sdiv.o(.text).
Inlined Instruction: BX       lr
Inlined function __aeabi_idiv0 from aeabi_idiv0.o at offset 0x154 in aeabi_sdiv_div0.o(.text).
Inlined Instruction: BX       lr
Inlined function _platform_pre_stackheap_init from boardinit1.o at offset 0x0 in rtentry2.o(.ARM.Collect$$rtentry$$00000001).
Inlined Instruction: BX       lr
Inlined function _fp_init from fpinit.o at offset 0x2 in libinit.o(.ARM.Collect$$libinit$$00000000).
Inlined Instruction: BX       lr
Inlined function _platform_pre_lib_shutdown from boardshut.o at offset 0x0 in rtexit2.o(.ARM.Collect$$rtexit$$00000001).
Inlined Instruction: BX       lr
Inlined function __ARM_get_argv from no_argv.o at offset 0x2 in argv_veneer.o(.text).
Inlined Instruction: BX       lr
Inlined total of 6 calls.

==============================================================================

Section Cross References

    system_nuc1xx.o(i.SystemCoreClockUpdate) refers to aeabi_sdiv.o(.text) for __aeabi_uidivmod
    system_nuc1xx.o(i.SystemCoreClockUpdate) refers to system_nuc1xx.o(.data) for gau32ClkSrcTbl
    test_lcd_bmp.o(i.ELP) refers to test_lcd_bmp.o(i.draw) for draw
    test_lcd_bmp.o(i.ELP) refers to test_lcd_bmp.o(.data) for letter
    test_lcd_bmp.o(i.Initial_Lcd) refers to test_lcd_bmp.o(.data) for SPI_PORT
    test_lcd_bmp.o(i.Lprintf) refers to test_lcd_bmp.o(i.ilog) for ilog
    test_lcd_bmp.o(i.Lprintf) refers to aeabi_sdiv.o(.text) for __aeabi_idivmod
    test_lcd_bmp.o(i.Lprintf) refers to test_lcd_bmp.o(i.draw) for draw
    test_lcd_bmp.o(i.Lprintf) refers to test_lcd_bmp.o(.data) for number
    test_lcd_bmp.o(i.PWM4_Freq) refers to aeabi_sdiv.o(.text) for __aeabi_uidivmod
    test_lcd_bmp.o(i.TMR0_IRQHandler) refers to test_lcd_bmp.o(.data) for new_T0_v
    test_lcd_bmp.o(i._rand) refers to test_lcd_bmp.o(i.ipow) for ipow
    test_lcd_bmp.o(i._rand) refers to aeabi_sdiv.o(.text) for __aeabi_idivmod
    test_lcd_bmp.o(i._rand) refers to test_lcd_bmp.o(.data) for rd_meter
    test_lcd_bmp.o(i.draw) refers to test_lcd_bmp.o(.data) for SPI_PORT
    test_lcd_bmp.o(i.elim_p) refers to test_lcd_bmp.o(.data) for matter
    test_lcd_bmp.o(i.ifprime) refers to aeabi_sdiv.o(.text) for __aeabi_idivmod
    test_lcd_bmp.o(i.ilog) refers to aeabi_sdiv.o(.text) for __aeabi_idivmod
    test_lcd_bmp.o(i.kscanf) refers to test_lcd_bmp.o(.constdata) for .constdata
    test_lcd_bmp.o(i.kscanf) refers to test_lcd_bmp.o(.data) for kf_delay
    test_lcd_bmp.o(i.lprintf) refers to test_lcd_bmp.o(i.ilog) for ilog
    test_lcd_bmp.o(i.lprintf) refers to aeabi_sdiv.o(.text) for __aeabi_idivmod
    test_lcd_bmp.o(i.lprintf) refers to test_lcd_bmp.o(i.draw) for draw
    test_lcd_bmp.o(i.lprintf) refers to test_lcd_bmp.o(.data) for number8x8
    test_lcd_bmp.o(i.main) refers to test_lcd_bmp.o(i.Initial_Lcd) for Initial_Lcd
    test_lcd_bmp.o(i.main) refers to test_lcd_bmp.o(i.ELP) for ELP
    test_lcd_bmp.o(i.main) refers to test_lcd_bmp.o(i.kscanf) for kscanf
    test_lcd_bmp.o(i.main) refers to test_lcd_bmp.o(i.iaclear) for iaclear
    test_lcd_bmp.o(i.main) refers to test_lcd_bmp.o(i._rand) for _rand
    test_lcd_bmp.o(i.main) refers to aeabi_sdiv.o(.text) for __aeabi_idivmod
    test_lcd_bmp.o(i.main) refers to rt_memcpy.o(.text) for __aeabi_memcpy
    test_lcd_bmp.o(i.main) refers to test_lcd_bmp.o(i.InitTIMER0) for InitTIMER0
    test_lcd_bmp.o(i.main) refers to test_lcd_bmp.o(i.InitPWM) for InitPWM
    test_lcd_bmp.o(i.main) refers to test_lcd_bmp.o(.data) for tGPIO_E
    test_lcd_bmp.o(i.main) refers to test_lcd_bmp.o(.bss) for kb
    test_lcd_bmp.o(i.main) refers to test_lcd_bmp.o(i.test_bingo) for test_bingo
    test_lcd_bmp.o(i.main) refers to test_lcd_bmp.o(i.elim_p) for elim_p
    test_lcd_bmp.o(i.main) refers to test_lcd_bmp.o(i.redraw) for redraw
    test_lcd_bmp.o(i.main) refers to test_lcd_bmp.o(i.draw) for draw
    test_lcd_bmp.o(i.main) refers to test_lcd_bmp.o(i.PWM4_Freq) for PWM4_Freq
    test_lcd_bmp.o(i.main) refers to test_lcd_bmp.o(i.rotate) for rotate
    test_lcd_bmp.o(i.main) refers to test_lcd_bmp.o(i.n_kb) for n_kb
    test_lcd_bmp.o(i.main) refers to test_lcd_bmp.o(i.ilog) for ilog
    test_lcd_bmp.o(i.main) refers to test_lcd_bmp.o(i.matter_clear) for matter_clear
    test_lcd_bmp.o(i.matter_clear) refers to test_lcd_bmp.o(.data) for matter
    test_lcd_bmp.o(i.n_kb) refers to test_lcd_bmp.o(.bss) for kb
    test_lcd_bmp.o(i.redraw) refers to test_lcd_bmp.o(i.t_draw) for t_draw
    test_lcd_bmp.o(i.redraw) refers to test_lcd_bmp.o(.data) for matter
    test_lcd_bmp.o(i.rotate) refers to rt_memcpy.o(.text) for __aeabi_memcpy
    test_lcd_bmp.o(i.rotate) refers to test_lcd_bmp.o(.bss) for D
    test_lcd_bmp.o(i.t_draw) refers to test_lcd_bmp.o(i.draw) for draw
    test_lcd_bmp.o(i.t_draw) refers to test_lcd_bmp.o(.data) for square
    test_lcd_bmp.o(i.test_bingo) refers to test_lcd_bmp.o(.data) for matter
    startup_nuc1xx.o(STACK) refers (Special) to heapauxi.o(.text) for __use_two_region_memory
    startup_nuc1xx.o(HEAP) refers (Special) to heapauxi.o(.text) for __use_two_region_memory
    startup_nuc1xx.o(RESET) refers (Special) to heapauxi.o(.text) for __use_two_region_memory
    startup_nuc1xx.o(RESET) refers to startup_nuc1xx.o(STACK) for __initial_sp
    startup_nuc1xx.o(RESET) refers to startup_nuc1xx.o(.text) for Reset_Handler
    startup_nuc1xx.o(RESET) refers to drvsys.o(i.BOD_IRQHandler) for BOD_IRQHandler
    startup_nuc1xx.o(RESET) refers to drvgpio.o(i.EINT0_IRQHandler) for EINT0_IRQHandler
    startup_nuc1xx.o(RESET) refers to drvgpio.o(i.EINT1_IRQHandler) for EINT1_IRQHandler
    startup_nuc1xx.o(RESET) refers to drvgpio.o(i.GPAB_IRQHandler) for GPAB_IRQHandler
    startup_nuc1xx.o(RESET) refers to drvgpio.o(i.GPCDE_IRQHandler) for GPCDE_IRQHandler
    startup_nuc1xx.o(RESET) refers to test_lcd_bmp.o(i.TMR0_IRQHandler) for TMR0_IRQHandler
    startup_nuc1xx.o(RESET) refers to drvsys.o(i.PWRWU_IRQHandler) for PWRWU_IRQHandler
    startup_nuc1xx.o(.text) refers (Special) to heapauxi.o(.text) for __use_two_region_memory
    startup_nuc1xx.o(.text) refers to system_nuc1xx.o(i.SystemInit) for SystemInit
    startup_nuc1xx.o(.text) refers to __main.o(!!!main) for __main
    startup_nuc1xx.o(.text) refers to startup_nuc1xx.o(HEAP) for Heap_Mem
    startup_nuc1xx.o(.text) refers to startup_nuc1xx.o(STACK) for Stack_Mem
    drvgpio.o(i.DrvGPIO_ClrPortMask) refers to drvgpio.o(i.DrvGPIO_GetPortMask) for DrvGPIO_GetPortMask
    drvgpio.o(i.DrvGPIO_DisableEINT0) refers to drvgpio.o(i.NVIC_DisableIRQ) for NVIC_DisableIRQ
    drvgpio.o(i.DrvGPIO_DisableEINT1) refers to drvgpio.o(i.NVIC_DisableIRQ) for NVIC_DisableIRQ
    drvgpio.o(i.DrvGPIO_DisableInt) refers to drvgpio.o(i.NVIC_DisableIRQ) for NVIC_DisableIRQ
    drvgpio.o(i.DrvGPIO_EnableEINT0) refers to drvgpio.o(i.NVIC_SetPriority) for NVIC_SetPriority
    drvgpio.o(i.DrvGPIO_EnableEINT0) refers to drvgpio.o(i.NVIC_EnableIRQ) for NVIC_EnableIRQ
    drvgpio.o(i.DrvGPIO_EnableEINT0) refers to drvgpio.o(.data) for _pfEINT0Callback
    drvgpio.o(i.DrvGPIO_EnableEINT1) refers to drvgpio.o(i.NVIC_SetPriority) for NVIC_SetPriority
    drvgpio.o(i.DrvGPIO_EnableEINT1) refers to drvgpio.o(i.NVIC_EnableIRQ) for NVIC_EnableIRQ
    drvgpio.o(i.DrvGPIO_EnableEINT1) refers to drvgpio.o(.data) for _pfEINT1Callback
    drvgpio.o(i.DrvGPIO_EnableInt) refers to drvgpio.o(i.NVIC_SetPriority) for NVIC_SetPriority
    drvgpio.o(i.DrvGPIO_EnableInt) refers to drvgpio.o(i.NVIC_EnableIRQ) for NVIC_EnableIRQ
    drvgpio.o(i.DrvGPIO_InitFunction) refers to drvgpio.o(i.__ARM_common_switch8) for __ARM_common_switch8
    drvgpio.o(i.DrvGPIO_SetIntCallback) refers to drvgpio.o(.data) for _pfGPABCallback
    drvgpio.o(i.DrvGPIO_SetPortMask) refers to drvgpio.o(i.DrvGPIO_GetPortMask) for DrvGPIO_GetPortMask
    drvgpio.o(i.EINT0_IRQHandler) refers to drvgpio.o(.data) for _pfEINT0Callback
    drvgpio.o(i.EINT1_IRQHandler) refers to drvgpio.o(.data) for _pfEINT1Callback
    drvgpio.o(i.GPAB_IRQHandler) refers to drvgpio.o(.data) for _pfGPABCallback
    drvgpio.o(i.GPCDE_IRQHandler) refers to drvgpio.o(.data) for _pfGPCDECallback
    drvsys.o(i.BOD_IRQHandler) refers to drvsys.o(.data) for BOD_callbackFn
    drvsys.o(i.DrvSYS_Delay) refers to system_nuc1xx.o(.data) for CyclesPerUs
    drvsys.o(i.DrvSYS_GetChipClockSourceStatus) refers to drvgpio.o(i.__ARM_common_switch8) for __ARM_common_switch8
    drvsys.o(i.DrvSYS_GetHCLKFreq) refers to drvsys.o(i.DrvSYS_GetPLLClockFreq) for DrvSYS_GetPLLClockFreq
    drvsys.o(i.DrvSYS_GetHCLKFreq) refers to aeabi_sdiv.o(.text) for __aeabi_uidivmod
    drvsys.o(i.DrvSYS_GetPLLClockFreq) refers to aeabi_sdiv.o(.text) for __aeabi_uidivmod
    drvsys.o(i.DrvSYS_GetPLLClockFreq) refers to drvsys.o(.constdata) for .constdata
    drvsys.o(i.DrvSYS_GetPLLContent) refers to aeabi_sdiv.o(.text) for __aeabi_uidivmod
    drvsys.o(i.DrvSYS_Open) refers to drvsys.o(i.DrvSYS_IsProtectedRegLocked) for DrvSYS_IsProtectedRegLocked
    drvsys.o(i.DrvSYS_Open) refers to drvsys.o(i.DrvSYS_GetPLLContent) for DrvSYS_GetPLLContent
    drvsys.o(i.DrvSYS_Open) refers to drvsys.o(i.DrvSYS_SetPLLContent) for DrvSYS_SetPLLContent
    drvsys.o(i.DrvSYS_Open) refers to drvsys.o(i.DrvSYS_SelectHCLKSource) for DrvSYS_SelectHCLKSource
    drvsys.o(i.DrvSYS_SelectHCLKSource) refers to system_nuc1xx.o(i.SystemCoreClockUpdate) for SystemCoreClockUpdate
    drvsys.o(i.DrvSYS_SelectIPClockSource) refers to drvgpio.o(i.__ARM_common_switch8) for __ARM_common_switch8
    drvsys.o(i.DrvSYS_SetBODFunction) refers to drvsys.o(i.NVIC_DisableIRQ) for NVIC_DisableIRQ
    drvsys.o(i.DrvSYS_SetBODFunction) refers to drvsys.o(i.NVIC_SetPriority) for NVIC_SetPriority
    drvsys.o(i.DrvSYS_SetBODFunction) refers to drvsys.o(i.NVIC_EnableIRQ) for NVIC_EnableIRQ
    drvsys.o(i.DrvSYS_SetBODFunction) refers to drvsys.o(.data) for BOD_callbackFn
    drvsys.o(i.DrvSYS_SetClockDivider) refers to system_nuc1xx.o(i.SystemCoreClockUpdate) for SystemCoreClockUpdate
    drvsys.o(i.DrvSYS_SetFreqDividerOutput) refers to drvsys.o(i.DrvSYS_SetIPClock) for DrvSYS_SetIPClock
    drvsys.o(i.DrvSYS_SetPowerDownWakeUpInt) refers to drvsys.o(i.NVIC_SetPriority) for NVIC_SetPriority
    drvsys.o(i.DrvSYS_SetPowerDownWakeUpInt) refers to drvsys.o(i.NVIC_EnableIRQ) for NVIC_EnableIRQ
    drvsys.o(i.DrvSYS_SetPowerDownWakeUpInt) refers to drvsys.o(i.NVIC_DisableIRQ) for NVIC_DisableIRQ
    drvsys.o(i.DrvSYS_SetPowerDownWakeUpInt) refers to drvsys.o(.data) for PWRWU_callbackFn
    drvsys.o(i.PWRWU_IRQHandler) refers to drvsys.o(.data) for PWRWU_callbackFn
    rt_memcpy.o(.text) refers to rt_memcpy.o(.emb_text) for __aeabi_memcpy4
    __main.o(!!!main) refers to rtentry.o(.ARM.Collect$$rtentry$$00000000) for __rt_entry
    rtentry.o(.ARM.Collect$$rtentry$$00000000) refers (Special) to rtentry2.o(.ARM.Collect$$rtentry$$0000000A) for __rt_entry_li
    rtentry.o(.ARM.Collect$$rtentry$$00000000) refers (Special) to rtentry2.o(.ARM.Collect$$rtentry$$0000000D) for __rt_entry_main
    rtentry.o(.ARM.Collect$$rtentry$$00000000) refers (Special) to rtentry2.o(.ARM.Collect$$rtentry$$0000000C) for __rt_entry_postli_1
    rtentry.o(.ARM.Collect$$rtentry$$00000000) refers (Special) to rtentry2.o(.ARM.Collect$$rtentry$$00000009) for __rt_entry_postsh_1
    rtentry.o(.ARM.Collect$$rtentry$$00000000) refers (Special) to rtentry2.o(.ARM.Collect$$rtentry$$00000002) for __rt_entry_presh_1
    rtentry.o(.ARM.Collect$$rtentry$$00000000) refers (Special) to rtentry4.o(.ARM.Collect$$rtentry$$00000004) for __rt_entry_sh
    aeabi_idiv0_sigfpe.o(.text) refers to rt_div0.o(.text) for __rt_div0
    rtentry2.o(.ARM.Collect$$rtentry$$00000008) refers to boardinit2.o(.text) for _platform_post_stackheap_init
    rtentry2.o(.ARM.Collect$$rtentry$$0000000A) refers to libinit.o(.ARM.Collect$$libinit$$00000000) for __rt_lib_init
    rtentry2.o(.ARM.Collect$$rtentry$$0000000B) refers to boardinit3.o(.text) for _platform_post_lib_init
    rtentry2.o(.ARM.Collect$$rtentry$$0000000D) refers to test_lcd_bmp.o(i.main) for main
    rtentry2.o(.ARM.Collect$$rtentry$$0000000D) refers to exit.o(.text) for exit
    rtentry2.o(.ARM.exidx) refers to rtentry2.o(.ARM.Collect$$rtentry$$00000001) for .ARM.Collect$$rtentry$$00000001
    rtentry2.o(.ARM.exidx) refers to rtentry2.o(.ARM.Collect$$rtentry$$00000008) for .ARM.Collect$$rtentry$$00000008
    rtentry2.o(.ARM.exidx) refers to rtentry2.o(.ARM.Collect$$rtentry$$0000000A) for .ARM.Collect$$rtentry$$0000000A
    rtentry2.o(.ARM.exidx) refers to rtentry2.o(.ARM.Collect$$rtentry$$0000000B) for .ARM.Collect$$rtentry$$0000000B
    rtentry2.o(.ARM.exidx) refers to rtentry2.o(.ARM.Collect$$rtentry$$0000000D) for .ARM.Collect$$rtentry$$0000000D
    rtentry4.o(.ARM.Collect$$rtentry$$00000004) refers to sys_stackheap_outer.o(.text) for __user_setup_stackheap
    rtentry4.o(.ARM.exidx) refers to rtentry4.o(.ARM.Collect$$rtentry$$00000004) for .ARM.Collect$$rtentry$$00000004
    rt_div0.o(.text) refers to defsig_fpe_outer.o(.text) for __rt_SIGFPE
    sys_stackheap_outer.o(.text) refers to libspace.o(.text) for __user_perproc_libspace
    sys_stackheap_outer.o(.text) refers to startup_nuc1xx.o(.text) for __user_initial_stackheap
    sys_stackheap_outer.o(__vectab_stack_and_reset_area) refers to tempstk.o(.text) for __temporary_stack_top
    sys_stackheap_outer.o(__vectab_stack_and_reset_area) refers to __main.o(!!!main) for __main
    exit.o(.text) refers to rtexit.o(.ARM.Collect$$rtexit$$00000000) for __rt_exit
    defsig_fpe_outer.o(.text) refers to defsig_fpe_inner.o(.text) for __rt_SIGFPE_inner
    defsig_fpe_outer.o(.text) refers to defsig_exit.o(.text) for __sig_exit
    defsig_fpe_formal.o(.text) refers to rt_raise.o(.text) for __rt_raise
    libinit.o(.ARM.Collect$$libinit$$00000000) refers (Special) to libinit2.o(.ARM.Collect$$libinit$$0000002A) for __rt_lib_init_alloca_1
    libinit.o(.ARM.Collect$$libinit$$00000000) refers (Special) to libinit2.o(.ARM.Collect$$libinit$$00000028) for __rt_lib_init_argv_1
    libinit.o(.ARM.Collect$$libinit$$00000000) refers (Special) to libinit2.o(.ARM.Collect$$libinit$$00000017) for __rt_lib_init_atexit_1
    libinit.o(.ARM.Collect$$libinit$$00000000) refers (Special) to libinit2.o(.ARM.Collect$$libinit$$0000001D) for __rt_lib_init_clock_1
    libinit.o(.ARM.Collect$$libinit$$00000000) refers (Special) to libinit2.o(.ARM.Collect$$libinit$$0000002E) for __rt_lib_init_cpp_1
    libinit.o(.ARM.Collect$$libinit$$00000000) refers (Special) to libinit2.o(.ARM.Collect$$libinit$$0000002C) for __rt_lib_init_exceptions_1
    libinit.o(.ARM.Collect$$libinit$$00000000) refers (Special) to libinit2.o(.ARM.Collect$$libinit$$0000001B) for __rt_lib_init_fp_trap_1
    libinit.o(.ARM.Collect$$libinit$$00000000) refers (Special) to libinit2.o(.ARM.Collect$$libinit$$0000001F) for __rt_lib_init_getenv_1
    libinit.o(.ARM.Collect$$libinit$$00000000) refers (Special) to libinit2.o(.ARM.Collect$$libinit$$00000006) for __rt_lib_init_heap_1
    libinit.o(.ARM.Collect$$libinit$$00000000) refers (Special) to libinit2.o(.ARM.Collect$$libinit$$0000000D) for __rt_lib_init_lc_collate_1
    libinit.o(.ARM.Collect$$libinit$$00000000) refers (Special) to libinit2.o(.ARM.Collect$$libinit$$0000000F) for __rt_lib_init_lc_ctype_1
    libinit.o(.ARM.Collect$$libinit$$00000000) refers (Special) to libinit2.o(.ARM.Collect$$libinit$$00000011) for __rt_lib_init_lc_monetary_1
    libinit.o(.ARM.Collect$$libinit$$00000000) refers (Special) to libinit2.o(.ARM.Collect$$libinit$$00000013) for __rt_lib_init_lc_numeric_1
    libinit.o(.ARM.Collect$$libinit$$00000000) refers (Special) to libinit2.o(.ARM.Collect$$libinit$$00000015) for __rt_lib_init_lc_time_1
    libinit.o(.ARM.Collect$$libinit$$00000000) refers (Special) to libinit2.o(.ARM.Collect$$libinit$$0000000A) for __rt_lib_init_rand_1
    libinit.o(.ARM.Collect$$libinit$$00000000) refers (Special) to libinit2.o(.ARM.Collect$$libinit$$0000002F) for __rt_lib_init_return
    libinit.o(.ARM.Collect$$libinit$$00000000) refers (Special) to libinit2.o(.ARM.Collect$$libinit$$00000019) for __rt_lib_init_signal_1
    libinit.o(.ARM.Collect$$libinit$$00000000) refers (Special) to libinit2.o(.ARM.Collect$$libinit$$00000021) for __rt_lib_init_stdio_1
    libinit.o(.ARM.Collect$$libinit$$00000000) refers (Special) to libinit2.o(.ARM.Collect$$libinit$$00000008) for __rt_lib_init_user_alloc_1
    libspace.o(.text) refers to libspace.o(.bss) for __libspace_start
    rtexit.o(.ARM.Collect$$rtexit$$00000000) refers (Special) to rtexit2.o(.ARM.Collect$$rtexit$$00000004) for __rt_exit_exit
    rtexit.o(.ARM.Collect$$rtexit$$00000000) refers (Special) to rtexit2.o(.ARM.Collect$$rtexit$$00000003) for __rt_exit_ls
    rtexit.o(.ARM.Collect$$rtexit$$00000000) refers (Special) to rtexit2.o(.ARM.Collect$$rtexit$$00000002) for __rt_exit_prels_1
    rtexit.o(.ARM.exidx) refers (Special) to rtexit2.o(.ARM.Collect$$rtexit$$00000004) for __rt_exit_exit
    rtexit.o(.ARM.exidx) refers (Special) to rtexit2.o(.ARM.Collect$$rtexit$$00000003) for __rt_exit_ls
    rtexit.o(.ARM.exidx) refers (Special) to rtexit2.o(.ARM.Collect$$rtexit$$00000002) for __rt_exit_prels_1
    rtexit.o(.ARM.exidx) refers to rtexit.o(.ARM.Collect$$rtexit$$00000000) for .ARM.Collect$$rtexit$$00000000
    rt_raise.o(.text) refers to __raise.o(.text) for __raise
    rt_raise.o(.text) refers to sys_exit.o(.text) for _sys_exit
    defsig_exit.o(.text) refers to sys_exit.o(.text) for _sys_exit
    defsig_fpe_inner.o(.text) refers to defsig_general.o(.text) for __default_signal_display
    libinit2.o(.ARM.Collect$$libinit$$0000000C) refers to libinit2.o(.ARM.Collect$$libinit$$0000000B) for .ARM.Collect$$libinit$$0000000B
    libinit2.o(.ARM.Collect$$libinit$$0000000E) refers to libinit2.o(.ARM.Collect$$libinit$$0000000B) for .ARM.Collect$$libinit$$0000000B
    libinit2.o(.ARM.Collect$$libinit$$00000010) refers to libinit2.o(.ARM.Collect$$libinit$$0000000B) for .ARM.Collect$$libinit$$0000000B
    libinit2.o(.ARM.Collect$$libinit$$00000012) refers to libinit2.o(.ARM.Collect$$libinit$$0000000B) for .ARM.Collect$$libinit$$0000000B
    libinit2.o(.ARM.Collect$$libinit$$00000014) refers to libinit2.o(.ARM.Collect$$libinit$$0000000B) for .ARM.Collect$$libinit$$0000000B
    libinit2.o(.ARM.Collect$$libinit$$00000022) refers to argv_veneer.o(.text) for __ARM_argv_veneer
    libinit2.o(.ARM.Collect$$libinit$$00000023) refers to argv_veneer.o(.text) for __ARM_argv_veneer
    sys_exit.o(.text) refers (Special) to use_no_semi.o(.text) for __I$use$semihosting
    sys_exit.o(.text) refers (Special) to indicate_semi.o(.text) for __semihosting_library_function
    rtexit2.o(.ARM.Collect$$rtexit$$00000003) refers to libshutdown.o(.ARM.Collect$$libshutdown$$00000000) for __rt_lib_shutdown
    rtexit2.o(.ARM.Collect$$rtexit$$00000004) refers to sys_exit.o(.text) for _sys_exit
    rtexit2.o(.ARM.exidx) refers to rtexit2.o(.ARM.Collect$$rtexit$$00000001) for .ARM.Collect$$rtexit$$00000001
    rtexit2.o(.ARM.exidx) refers to rtexit2.o(.ARM.Collect$$rtexit$$00000003) for .ARM.Collect$$rtexit$$00000003
    rtexit2.o(.ARM.exidx) refers to rtexit2.o(.ARM.Collect$$rtexit$$00000004) for .ARM.Collect$$rtexit$$00000004
    __raise.o(.text) refers to defsig.o(CL$$defsig) for __default_signal_handler
    defsig_general.o(.text) refers to sys_wrch.o(.text) for _ttywrch
    sys_wrch.o(.text) refers (Special) to use_no_semi.o(.text) for __I$use$semihosting
    sys_wrch.o(.text) refers (Special) to indicate_semi.o(.text) for __semihosting_library_function
    defsig.o(CL$$defsig) refers to defsig_fpe_inner.o(.text) for __rt_SIGFPE_inner
    defsig.o(CL$$defsig) refers to defsig_rtmem_inner.o(.text) for __rt_SIGRTMEM_inner
    _get_argv_nomalloc.o(.text) refers (Special) to hrguard.o(.text) for __heap_region$guard
    _get_argv_nomalloc.o(.text) refers to defsig_rtmem_outer.o(.text) for __rt_SIGRTMEM
    _get_argv_nomalloc.o(.text) refers to sys_command.o(.text) for _sys_command_string
    libshutdown.o(.ARM.Collect$$libshutdown$$00000000) refers (Special) to libshutdown2.o(.ARM.Collect$$libshutdown$$00000006) for __rt_lib_shutdown_fp_trap_1
    libshutdown.o(.ARM.Collect$$libshutdown$$00000000) refers (Special) to libshutdown2.o(.ARM.Collect$$libshutdown$$0000000E) for __rt_lib_shutdown_heap_1
    libshutdown.o(.ARM.Collect$$libshutdown$$00000000) refers (Special) to libshutdown2.o(.ARM.Collect$$libshutdown$$0000000F) for __rt_lib_shutdown_return
    libshutdown.o(.ARM.Collect$$libshutdown$$00000000) refers (Special) to libshutdown2.o(.ARM.Collect$$libshutdown$$00000009) for __rt_lib_shutdown_signal_1
    libshutdown.o(.ARM.Collect$$libshutdown$$00000000) refers (Special) to libshutdown2.o(.ARM.Collect$$libshutdown$$00000003) for __rt_lib_shutdown_stdio_1
    libshutdown.o(.ARM.Collect$$libshutdown$$00000000) refers (Special) to libshutdown2.o(.ARM.Collect$$libshutdown$$0000000B) for __rt_lib_shutdown_user_alloc_1
    sys_command.o(.text) refers (Special) to use_no_semi.o(.text) for __I$use$semihosting
    sys_command.o(.text) refers (Special) to indicate_semi.o(.text) for __semihosting_library_function
    defsig_abrt_inner.o(.text) refers to defsig_general.o(.text) for __default_signal_display
    defsig_rtred_inner.o(.text) refers to defsig_general.o(.text) for __default_signal_display
    defsig_rtmem_inner.o(.text) refers to defsig_general.o(.text) for __default_signal_display
    defsig_rtmem_outer.o(.text) refers to defsig_rtmem_inner.o(.text) for __rt_SIGRTMEM_inner
    defsig_rtmem_outer.o(.text) refers to defsig_exit.o(.text) for __sig_exit
    defsig_rtmem_formal.o(.text) refers to rt_raise.o(.text) for __rt_raise
    defsig_stak_inner.o(.text) refers to defsig_general.o(.text) for __default_signal_display
    defsig_pvfn_inner.o(.text) refers to defsig_general.o(.text) for __default_signal_display
    defsig_cppl_inner.o(.text) refers to defsig_general.o(.text) for __default_signal_display
    defsig_segv_inner.o(.text) refers to defsig_general.o(.text) for __default_signal_display
    defsig_other.o(.text) refers to defsig_general.o(.text) for __default_signal_display


==============================================================================

Removing Unused input sections from the image.

    Removing core_cm0.o(.emb_text), (32 bytes).
    Removing system_nuc1xx.o(i.SystemCoreClockUpdate), (160 bytes).
    Removing system_nuc1xx.o(.data), (28 bytes).
    Removing ascii_table.o(.data), (1520 bytes).
    Removing test_lcd_bmp.o(i.Lprintf), (140 bytes).
    Removing test_lcd_bmp.o(i.iacmp), (48 bytes).
    Removing test_lcd_bmp.o(i.iacpy), (26 bytes).
    Removing test_lcd_bmp.o(i.ifprime), (62 bytes).
    Removing test_lcd_bmp.o(i.lprintf), (96 bytes).
    Removing drvgpio.o(i.DrvGPIO_Close), (64 bytes).
    Removing drvgpio.o(i.DrvGPIO_ClrBit), (44 bytes).
    Removing drvgpio.o(i.DrvGPIO_ClrBitMask), (28 bytes).
    Removing drvgpio.o(i.DrvGPIO_ClrPortMask), (28 bytes).
    Removing drvgpio.o(i.DrvGPIO_DisableDebounce), (44 bytes).
    Removing drvgpio.o(i.DrvGPIO_DisableDigitalInputBit), (36 bytes).
    Removing drvgpio.o(i.DrvGPIO_DisableEINT0), (28 bytes).
    Removing drvgpio.o(i.DrvGPIO_DisableEINT1), (28 bytes).
    Removing drvgpio.o(i.DrvGPIO_DisableInt), (72 bytes).
    Removing drvgpio.o(i.DrvGPIO_EnableDebounce), (48 bytes).
    Removing drvgpio.o(i.DrvGPIO_EnableDigitalInputBit), (36 bytes).
    Removing drvgpio.o(i.DrvGPIO_EnableEINT0), (128 bytes).
    Removing drvgpio.o(i.DrvGPIO_EnableEINT1), (128 bytes).
    Removing drvgpio.o(i.DrvGPIO_EnableInt), (224 bytes).
    Removing drvgpio.o(i.DrvGPIO_GetBit), (40 bytes).
    Removing drvgpio.o(i.DrvGPIO_GetBitMask), (24 bytes).
    Removing drvgpio.o(i.DrvGPIO_GetDebounceSampleCycle), (16 bytes).
    Removing drvgpio.o(i.DrvGPIO_GetDoutBit), (36 bytes).
    Removing drvgpio.o(i.DrvGPIO_GetIntStatus), (16 bytes).
    Removing drvgpio.o(i.DrvGPIO_GetPortBits), (16 bytes).
    Removing drvgpio.o(i.DrvGPIO_GetPortDoutBits), (28 bytes).
    Removing drvgpio.o(i.DrvGPIO_GetPortMask), (16 bytes).
    Removing drvgpio.o(i.DrvGPIO_GetVersion), (8 bytes).
    Removing drvgpio.o(i.DrvGPIO_InitFunction), (1880 bytes).
    Removing drvgpio.o(i.DrvGPIO_Open), (120 bytes).
    Removing drvgpio.o(i.DrvGPIO_SetBit), (44 bytes).
    Removing drvgpio.o(i.DrvGPIO_SetBitMask), (28 bytes).
    Removing drvgpio.o(i.DrvGPIO_SetDebounceTime), (64 bytes).
    Removing drvgpio.o(i.DrvGPIO_SetIntCallback), (20 bytes).
    Removing drvgpio.o(i.DrvGPIO_SetPortBits), (20 bytes).
    Removing drvgpio.o(i.DrvGPIO_SetPortMask), (28 bytes).
    Removing drvgpio.o(i.NVIC_DisableIRQ), (20 bytes).
    Removing drvgpio.o(i.NVIC_EnableIRQ), (20 bytes).
    Removing drvgpio.o(i.NVIC_SetPriority), (120 bytes).
    Removing drvsys.o(i.DrvSYS_ClearClockSwitchStatus), (20 bytes).
    Removing drvsys.o(i.DrvSYS_ClearResetSource), (12 bytes).
    Removing drvsys.o(i.DrvSYS_Delay), (44 bytes).
    Removing drvsys.o(i.DrvSYS_DisableBODLowPowerMode), (18 bytes).
    Removing drvsys.o(i.DrvSYS_DisableHighPerformanceMode), (18 bytes).
    Removing drvsys.o(i.DrvSYS_DisableLowVoltReset), (18 bytes).
    Removing drvsys.o(i.DrvSYS_DisablePOR), (12 bytes).
    Removing drvsys.o(i.DrvSYS_DisableTemperatureSensor), (18 bytes).
    Removing drvsys.o(i.DrvSYS_EnableBODLowPowerMode), (20 bytes).
    Removing drvsys.o(i.DrvSYS_EnableHighPerformanceMode), (20 bytes).
    Removing drvsys.o(i.DrvSYS_EnableLowVoltReset), (20 bytes).
    Removing drvsys.o(i.DrvSYS_EnablePOR), (10 bytes).
    Removing drvsys.o(i.DrvSYS_EnableTemperatureSensor), (20 bytes).
    Removing drvsys.o(i.DrvSYS_EnterPowerDown), (56 bytes).
    Removing drvsys.o(i.DrvSYS_GetBODState), (12 bytes).
    Removing drvsys.o(i.DrvSYS_GetChipClockSourceStatus), (88 bytes).
    Removing drvsys.o(i.DrvSYS_GetClockSwitchStatus), (16 bytes).
    Removing drvsys.o(i.DrvSYS_GetExtClockFreq), (8 bytes).
    Removing drvsys.o(i.DrvSYS_GetHCLKFreq), (108 bytes).
    Removing drvsys.o(i.DrvSYS_GetPLLClockFreq), (120 bytes).
    Removing drvsys.o(i.DrvSYS_GetPLLContent), (192 bytes).
    Removing drvsys.o(i.DrvSYS_GetResetSource), (8 bytes).
    Removing drvsys.o(i.DrvSYS_GetVersion), (8 bytes).
    Removing drvsys.o(i.DrvSYS_IsProtectedRegLocked), (16 bytes).
    Removing drvsys.o(i.DrvSYS_LockProtectedReg), (36 bytes).
    Removing drvsys.o(i.DrvSYS_Open), (172 bytes).
    Removing drvsys.o(i.DrvSYS_ReadProductID), (8 bytes).
    Removing drvsys.o(i.DrvSYS_ResetCPU), (20 bytes).
    Removing drvsys.o(i.DrvSYS_ResetChip), (20 bytes).
    Removing drvsys.o(i.DrvSYS_ResetIP), (110 bytes).
    Removing drvsys.o(i.DrvSYS_SelectBODVolt), (26 bytes).
    Removing drvsys.o(i.DrvSYS_SelectHCLKSource), (56 bytes).
    Removing drvsys.o(i.DrvSYS_SelectIPClockSource), (352 bytes).
    Removing drvsys.o(i.DrvSYS_SelectPLLSource), (32 bytes).
    Removing drvsys.o(i.DrvSYS_SelectSysTickSource), (52 bytes).
    Removing drvsys.o(i.DrvSYS_SetBODFunction), (92 bytes).
    Removing drvsys.o(i.DrvSYS_SetClockDivider), (136 bytes).
    Removing drvsys.o(i.DrvSYS_SetFreqDividerOutput), (76 bytes).
    Removing drvsys.o(i.DrvSYS_SetIPClock), (120 bytes).
    Removing drvsys.o(i.DrvSYS_SetOscCtrl), (128 bytes).
    Removing drvsys.o(i.DrvSYS_SetPLLContent), (76 bytes).
    Removing drvsys.o(i.DrvSYS_SetPLLMode), (52 bytes).
    Removing drvsys.o(i.DrvSYS_SetPowerDownWakeUpInt), (108 bytes).
    Removing drvsys.o(i.DrvSYS_UnlockProtectedReg), (44 bytes).
    Removing drvsys.o(i.NVIC_DisableIRQ), (20 bytes).
    Removing drvsys.o(i.NVIC_EnableIRQ), (20 bytes).
    Removing drvsys.o(i.NVIC_SetPriority), (120 bytes).
    Removing drvsys.o(.constdata), (16 bytes).
    Removing drvgpio.o(i.__ARM_common_switch8), (28 bytes).

92 unused section(s) (total 8414 bytes) removed from the image.

==============================================================================

Image Symbol Table

    Local Symbols

    Symbol Name                              Value     Ov Type        Size  Object(Section)

    RESET                                    0x00000000   Section      192  startup_nuc1xx.o(RESET)
    ../../angel/boardlib.s                   0x00000000   Number         0  boardinit3.o ABSOLUTE
    ../../angel/boardlib.s                   0x00000000   Number         0  boardinit2.o ABSOLUTE
    ../../angel/boardlib.s                   0x00000000   Number         0  boardinit1.o ABSOLUTE
    ../../angel/boardlib.s                   0x00000000   Number         0  boardshut.o ABSOLUTE
    ../../angel/handlers.s                   0x00000000   Number         0  __scatter_zi.o ABSOLUTE
    ../../angel/handlers.s                   0x00000000   Number         0  __scatter_copy.o ABSOLUTE
    ../../angel/kernel.s                     0x00000000   Number         0  rtentry2.o ABSOLUTE
    ../../angel/kernel.s                     0x00000000   Number         0  rtexit.o ABSOLUTE
    ../../angel/kernel.s                     0x00000000   Number         0  rtentry4.o ABSOLUTE
    ../../angel/kernel.s                     0x00000000   Number         0  rtentry.o ABSOLUTE
    ../../angel/kernel.s                     0x00000000   Number         0  rtexit2.o ABSOLUTE
    ../../angel/rt.s                         0x00000000   Number         0  aeabi_idiv0_sigfpe.o ABSOLUTE
    ../../angel/rt.s                         0x00000000   Number         0  aeabi_idiv0.o ABSOLUTE
    ../../angel/rt.s                         0x00000000   Number         0  rt_div0.o ABSOLUTE
    ../../angel/rt.s                         0x00000000   Number         0  rt_raise.o ABSOLUTE
    ../../angel/scatterp.s                   0x00000000   Number         0  __scatter.o ABSOLUTE
    ../../angel/startup.s                    0x00000000   Number         0  __main.o ABSOLUTE
    ../../angel/sys.s                        0x00000000   Number         0  sys_stackheap_outer.o ABSOLUTE
    ../../angel/sys.s                        0x00000000   Number         0  indicate_semi.o ABSOLUTE
    ../../angel/sys.s                        0x00000000   Number         0  use_no_semi.o ABSOLUTE
    ../../angel/sys.s                        0x00000000   Number         0  tempstk.o ABSOLUTE
    ../../angel/sys.s                        0x00000000   Number         0  libspace.o ABSOLUTE
    ../../angel/sysapp.c                     0x00000000   Number         0  sys_wrch.o ABSOLUTE
    ../../angel/sysapp.c                     0x00000000   Number         0  sys_exit.o ABSOLUTE
    ../../angel/sysapp.c                     0x00000000   Number         0  sys_command.o ABSOLUTE
    ../../armsys.c                           0x00000000   Number         0  no_argv.o ABSOLUTE
    ../../armsys.c                           0x00000000   Number         0  _get_argv_nomalloc.o ABSOLUTE
    ../../armsys.c                           0x00000000   Number         0  argv_veneer.o ABSOLUTE
    ../../cfplib/fpinit.c                    0x00000000   Number         0  fpinit.o ABSOLUTE
    ../../division.s                         0x00000000   Number         0  aeabi_sdiv.o ABSOLUTE
    ../../division.s                         0x00000000   Number         0  aeabi_sdiv_div0.o ABSOLUTE
    ../../heapalloc.c                        0x00000000   Number         0  hrguard.o ABSOLUTE
    ../../heapaux.c                          0x00000000   Number         0  heapauxi.o ABSOLUTE
    ../../libinit.s                          0x00000000   Number         0  libshutdown.o ABSOLUTE
    ../../libinit.s                          0x00000000   Number         0  libshutdown2.o ABSOLUTE
    ../../libinit.s                          0x00000000   Number         0  libinit2.o ABSOLUTE
    ../../libinit.s                          0x00000000   Number         0  libinit.o ABSOLUTE
    ../../memcpset.c                         0x00000000   Number         0  rt_memcpy.o ABSOLUTE
    ../../memcpset.c                         0x00000000   Number         0  rt_memcpy.o ABSOLUTE
    ../../signal.c                           0x00000000   Number         0  defsig_rtmem_inner.o ABSOLUTE
    ../../signal.c                           0x00000000   Number         0  defsig_exit.o ABSOLUTE
    ../../signal.c                           0x00000000   Number         0  defsig_fpe_formal.o ABSOLUTE
    ../../signal.c                           0x00000000   Number         0  defsig_other.o ABSOLUTE
    ../../signal.c                           0x00000000   Number         0  defsig_segv_inner.o ABSOLUTE
    ../../signal.c                           0x00000000   Number         0  defsig_cppl_inner.o ABSOLUTE
    ../../signal.c                           0x00000000   Number         0  defsig_fpe_outer.o ABSOLUTE
    ../../signal.c                           0x00000000   Number         0  defsig_pvfn_inner.o ABSOLUTE
    ../../signal.c                           0x00000000   Number         0  defsig_fpe_inner.o ABSOLUTE
    ../../signal.c                           0x00000000   Number         0  defsig_stak_inner.o ABSOLUTE
    ../../signal.c                           0x00000000   Number         0  defsig_rtmem_formal.o ABSOLUTE
    ../../signal.c                           0x00000000   Number         0  defsig_rtmem_outer.o ABSOLUTE
    ../../signal.c                           0x00000000   Number         0  defsig_rtred_inner.o ABSOLUTE
    ../../signal.c                           0x00000000   Number         0  defsig_abrt_inner.o ABSOLUTE
    ../../signal.c                           0x00000000   Number         0  defsig_general.o ABSOLUTE
    ../../signal.c                           0x00000000   Number         0  __raise.o ABSOLUTE
    ../../signal.s                           0x00000000   Number         0  defsig.o ABSOLUTE
    ../../stdlib.c                           0x00000000   Number         0  exit.o ABSOLUTE
    ..\..\..\..\CMSIS\CM0\CoreSupport\core_cm0.c 0x00000000   Number         0  core_cm0.o ABSOLUTE
    ..\..\..\..\CMSIS\CM0\DeviceSupport\Nuvoton\NUC1xx\system_NUC1xx.c 0x00000000   Number         0  system_nuc1xx.o ABSOLUTE
    ..\..\..\Src\Driver\DrvGPIO.c            0x00000000   Number         0  drvgpio.o ABSOLUTE
    ..\..\..\Src\Driver\DrvSYS.c             0x00000000   Number         0  drvsys.o ABSOLUTE
    ..\..\..\Src\NUC1xx-LB_002\Ascii_Table.C 0x00000000   Number         0  ascii_table.o ABSOLUTE
    ..\\..\\..\\..\\CMSIS\\CM0\\CoreSupport\\core_cm0.c 0x00000000   Number         0  core_cm0.o ABSOLUTE
    Test_LCD_Bmp.c                           0x00000000   Number         0  test_lcd_bmp.o ABSOLUTE
    startup_NUC1xx.s                         0x00000000   Number         0  startup_nuc1xx.o ABSOLUTE
    !!!main                                  0x000000c0   Section        8  __main.o(!!!main)
    !!!scatter                               0x000000c8   Section       60  __scatter.o(!!!scatter)
    !!handler_copy                           0x00000104   Section       26  __scatter_copy.o(!!handler_copy)
    !!handler_zi                             0x00000120   Section       28  __scatter_zi.o(!!handler_zi)
    .ARM.Collect$$libinit$$00000000          0x0000013c   Section        6  libinit.o(.ARM.Collect$$libinit$$00000000)
    .ARM.Collect$$libinit$$00000006          0x00000142   Section        0  libinit2.o(.ARM.Collect$$libinit$$00000006)
    .ARM.Collect$$libinit$$00000008          0x00000142   Section        0  libinit2.o(.ARM.Collect$$libinit$$00000008)
    .ARM.Collect$$libinit$$0000000A          0x00000142   Section        0  libinit2.o(.ARM.Collect$$libinit$$0000000A)
    .ARM.Collect$$libinit$$0000000D          0x00000142   Section        0  libinit2.o(.ARM.Collect$$libinit$$0000000D)
    .ARM.Collect$$libinit$$0000000F          0x00000142   Section        0  libinit2.o(.ARM.Collect$$libinit$$0000000F)
    .ARM.Collect$$libinit$$00000011          0x00000142   Section        0  libinit2.o(.ARM.Collect$$libinit$$00000011)
    .ARM.Collect$$libinit$$00000013          0x00000142   Section        0  libinit2.o(.ARM.Collect$$libinit$$00000013)
    .ARM.Collect$$libinit$$00000015          0x00000142   Section        0  libinit2.o(.ARM.Collect$$libinit$$00000015)
    .ARM.Collect$$libinit$$00000017          0x00000142   Section        0  libinit2.o(.ARM.Collect$$libinit$$00000017)
    .ARM.Collect$$libinit$$00000019          0x00000142   Section        0  libinit2.o(.ARM.Collect$$libinit$$00000019)
    .ARM.Collect$$libinit$$0000001B          0x00000142   Section        0  libinit2.o(.ARM.Collect$$libinit$$0000001B)
    .ARM.Collect$$libinit$$0000001D          0x00000142   Section        0  libinit2.o(.ARM.Collect$$libinit$$0000001D)
    .ARM.Collect$$libinit$$0000001F          0x00000142   Section        0  libinit2.o(.ARM.Collect$$libinit$$0000001F)
    .ARM.Collect$$libinit$$00000021          0x00000142   Section        0  libinit2.o(.ARM.Collect$$libinit$$00000021)
    .ARM.Collect$$libinit$$00000028          0x00000142   Section        0  libinit2.o(.ARM.Collect$$libinit$$00000028)
    .ARM.Collect$$libinit$$0000002A          0x00000142   Section        0  libinit2.o(.ARM.Collect$$libinit$$0000002A)
    .ARM.Collect$$libinit$$0000002C          0x00000142   Section        0  libinit2.o(.ARM.Collect$$libinit$$0000002C)
    .ARM.Collect$$libinit$$0000002E          0x00000142   Section        0  libinit2.o(.ARM.Collect$$libinit$$0000002E)
    .ARM.Collect$$libinit$$0000002F          0x00000142   Section        2  libinit2.o(.ARM.Collect$$libinit$$0000002F)
    .ARM.Collect$$libshutdown$$00000000      0x00000144   Section        2  libshutdown.o(.ARM.Collect$$libshutdown$$00000000)
    .ARM.Collect$$libshutdown$$00000003      0x00000146   Section        0  libshutdown2.o(.ARM.Collect$$libshutdown$$00000003)
    .ARM.Collect$$libshutdown$$00000006      0x00000146   Section        0  libshutdown2.o(.ARM.Collect$$libshutdown$$00000006)
    .ARM.Collect$$libshutdown$$00000009      0x00000146   Section        0  libshutdown2.o(.ARM.Collect$$libshutdown$$00000009)
    .ARM.Collect$$libshutdown$$0000000B      0x00000146   Section        0  libshutdown2.o(.ARM.Collect$$libshutdown$$0000000B)
    .ARM.Collect$$libshutdown$$0000000E      0x00000146   Section        0  libshutdown2.o(.ARM.Collect$$libshutdown$$0000000E)
    .ARM.Collect$$libshutdown$$0000000F      0x00000146   Section        2  libshutdown2.o(.ARM.Collect$$libshutdown$$0000000F)
    .ARM.Collect$$rtentry$$00000000          0x00000148   Section        0  rtentry.o(.ARM.Collect$$rtentry$$00000000)
    .ARM.Collect$$rtentry$$00000002          0x00000148   Section        0  rtentry2.o(.ARM.Collect$$rtentry$$00000002)
    .ARM.Collect$$rtentry$$00000004          0x00000148   Section        6  rtentry4.o(.ARM.Collect$$rtentry$$00000004)
    .ARM.Collect$$rtentry$$00000009          0x0000014e   Section        0  rtentry2.o(.ARM.Collect$$rtentry$$00000009)
    .ARM.Collect$$rtentry$$0000000A          0x0000014e   Section        4  rtentry2.o(.ARM.Collect$$rtentry$$0000000A)
    .ARM.Collect$$rtentry$$0000000C          0x00000152   Section        0  rtentry2.o(.ARM.Collect$$rtentry$$0000000C)
    .ARM.Collect$$rtentry$$0000000D          0x00000152   Section        8  rtentry2.o(.ARM.Collect$$rtentry$$0000000D)
    .ARM.Collect$$rtexit$$00000000           0x0000015a   Section        2  rtexit.o(.ARM.Collect$$rtexit$$00000000)
    .ARM.Collect$$rtexit$$00000002           0x0000015c   Section        0  rtexit2.o(.ARM.Collect$$rtexit$$00000002)
    .ARM.Collect$$rtexit$$00000003           0x0000015c   Section        4  rtexit2.o(.ARM.Collect$$rtexit$$00000003)
    .ARM.Collect$$rtexit$$00000004           0x00000160   Section        6  rtexit2.o(.ARM.Collect$$rtexit$$00000004)
    .emb_text                                0x00000168   Section       56  rt_memcpy.o(.emb_text)
    .text                                    0x000001a0   Section      100  startup_nuc1xx.o(.text)
    Default_Handler                          0x000001cb   Thumb Code     2  startup_nuc1xx.o(.text)
    .text                                    0x00000204   Section        0  rt_memcpy.o(.text)
    .text                                    0x00000286   Section      346  aeabi_sdiv.o(.text)
    .text                                    0x000003e0   Section        0  heapauxi.o(.text)
    .text                                    0x000003e6   Section       62  sys_stackheap_outer.o(.text)
    .text                                    0x00000424   Section        0  exit.o(.text)
    .text                                    0x00000430   Section        8  libspace.o(.text)
    .text                                    0x00000438   Section        0  sys_exit.o(.text)
    .text                                    0x00000444   Section        2  use_no_semi.o(.text)
    .text                                    0x00000446   Section        0  indicate_semi.o(.text)
    i.BOD_IRQHandler                         0x00000448   Section        0  drvsys.o(i.BOD_IRQHandler)
    i.EINT0_IRQHandler                       0x00000470   Section        0  drvgpio.o(i.EINT0_IRQHandler)
    i.EINT1_IRQHandler                       0x00000494   Section        0  drvgpio.o(i.EINT1_IRQHandler)
    i.ELP                                    0x000004b8   Section        0  test_lcd_bmp.o(i.ELP)
    i.GPAB_IRQHandler                        0x00000514   Section        0  drvgpio.o(i.GPAB_IRQHandler)
    i.GPCDE_IRQHandler                       0x00000550   Section        0  drvgpio.o(i.GPCDE_IRQHandler)
    i.InitPWM                                0x00000590   Section        0  test_lcd_bmp.o(i.InitPWM)
    i.InitTIMER0                             0x00000634   Section        0  test_lcd_bmp.o(i.InitTIMER0)
    i.Initial_Lcd                            0x000006c0   Section        0  test_lcd_bmp.o(i.Initial_Lcd)
    i.PWM4_Freq                              0x0000099c   Section        0  test_lcd_bmp.o(i.PWM4_Freq)
    i.PWRWU_IRQHandler                       0x00000a50   Section        0  drvsys.o(i.PWRWU_IRQHandler)
    i.SystemInit                             0x00000a78   Section        0  system_nuc1xx.o(i.SystemInit)
    i.TMR0_IRQHandler                        0x00000a7c   Section        0  test_lcd_bmp.o(i.TMR0_IRQHandler)
    i._rand                                  0x00000ab4   Section        0  test_lcd_bmp.o(i._rand)
    i.draw                                   0x00000af0   Section        0  test_lcd_bmp.o(i.draw)
    i.elim_p                                 0x00000bb8   Section        0  test_lcd_bmp.o(i.elim_p)
    i.iaclear                                0x00000bf4   Section        0  test_lcd_bmp.o(i.iaclear)
    i.ilog                                   0x00000c0c   Section        0  test_lcd_bmp.o(i.ilog)
    i.ipow                                   0x00000c3e   Section        0  test_lcd_bmp.o(i.ipow)
    i.kscanf                                 0x00000c60   Section        0  test_lcd_bmp.o(i.kscanf)
    i.main                                   0x00000d18   Section        0  test_lcd_bmp.o(i.main)
    i.matter_clear                           0x000029b0   Section        0  test_lcd_bmp.o(i.matter_clear)
    i.n_kb                                   0x000029e0   Section        0  test_lcd_bmp.o(i.n_kb)
    i.redraw                                 0x00002a04   Section        0  test_lcd_bmp.o(i.redraw)
    i.rotate                                 0x00002a40   Section        0  test_lcd_bmp.o(i.rotate)
    i.t_draw                                 0x00002a90   Section        0  test_lcd_bmp.o(i.t_draw)
    i.test_bingo                             0x00002ac4   Section        0  test_lcd_bmp.o(i.test_bingo)
    .constdata                               0x00002aec   Section       14  test_lcd_bmp.o(.constdata)
    .data                                    0x20000000   Section     1610  test_lcd_bmp.o(.data)
    .data                                    0x2000064c   Section       16  drvgpio.o(.data)
    _pfGPABCallback                          0x2000064c   Data           4  drvgpio.o(.data)
    _pfGPCDECallback                         0x20000650   Data           4  drvgpio.o(.data)
    _pfEINT0Callback                         0x20000654   Data           4  drvgpio.o(.data)
    _pfEINT1Callback                         0x20000658   Data           4  drvgpio.o(.data)
    .data                                    0x2000065c   Section        8  drvsys.o(.data)
    BOD_callbackFn                           0x2000065c   Data           4  drvsys.o(.data)
    PWRWU_callbackFn                         0x20000660   Data           4  drvsys.o(.data)
    .bss                                     0x20000664   Section       66  test_lcd_bmp.o(.bss)
    .bss                                     0x200006a8   Section       96  libspace.o(.bss)
    HEAP                                     0x20000708   Section        0  startup_nuc1xx.o(HEAP)
    STACK                                    0x20000708   Section     1024  startup_nuc1xx.o(STACK)
    Heap_Mem                                 0x20000708   Data           0  startup_nuc1xx.o(HEAP)
    Stack_Mem                                0x20000708   Data        1024  startup_nuc1xx.o(STACK)
    __initial_sp                             0x20000b08   Data           0  startup_nuc1xx.o(STACK)

    Global Symbols

    Symbol Name                              Value     Ov Type        Size  Object(Section)

    BuildAttributes$$THM_ISAv3M$S$PE$A:L22$X:L11$S22$IEEE1$IW$USESV6$~STKCKD$USESV7$~SHL$OSPACE$ROPI$EBA8$UX$STANDARDLIB$REQ8$PRES8$EABIv2 0x00000000   Number         0  anon$$obj.o ABSOLUTE
    __ARM_use_no_argv                        0x00000000   Number         0  test_lcd_bmp.o ABSOLUTE
    __Vectors                                0x00000000   Data           4  startup_nuc1xx.o(RESET)
    __ARM_exceptions_init                     - Undefined Weak Reference
    __alloca_initialize                       - Undefined Weak Reference
    __cpp_initialize__aeabi_                  - Undefined Weak Reference
    __cxa_finalize                            - Undefined Weak Reference
    __rt_locale                               - Undefined Weak Reference
    __sigvec_lookup                           - Undefined Weak Reference
    _atexit_init                              - Undefined Weak Reference
    _call_atexit_fns                          - Undefined Weak Reference
    _clock_init                               - Undefined Weak Reference
    _fp_trap_init                             - Undefined Weak Reference
    _fp_trap_shutdown                         - Undefined Weak Reference
    _get_lc_collate                           - Undefined Weak Reference
    _get_lc_ctype                             - Undefined Weak Reference
    _get_lc_monetary                          - Undefined Weak Reference
    _get_lc_numeric                           - Undefined Weak Reference
    _get_lc_time                              - Undefined Weak Reference
    _getenv_init                              - Undefined Weak Reference
    _handle_redirection                       - Undefined Weak Reference
    _init_alloc                               - Undefined Weak Reference
    _init_user_alloc                          - Undefined Weak Reference
    _initio                                   - Undefined Weak Reference
    _rand_init                                - Undefined Weak Reference
    _signal_finish                            - Undefined Weak Reference
    _signal_init                              - Undefined Weak Reference
    _terminate_alloc                          - Undefined Weak Reference
    _terminate_user_alloc                     - Undefined Weak Reference
    _terminateio                              - Undefined Weak Reference
    __main                                   0x000000c1   Thumb Code     8  __main.o(!!!main)
    __scatterload                            0x000000c9   Thumb Code     0  __scatter.o(!!!scatter)
    __scatterload_rt2                        0x000000c9   Thumb Code    52  __scatter.o(!!!scatter)
    __scatterload_rt2_thumb_only             0x000000c9   Thumb Code     0  __scatter.o(!!!scatter)
    __scatterload_null                       0x000000d9   Thumb Code     0  __scatter.o(!!!scatter)
    __scatterload_copy                       0x00000105   Thumb Code    26  __scatter_copy.o(!!handler_copy)
    __scatterload_zeroinit                   0x00000121   Thumb Code    28  __scatter_zi.o(!!handler_zi)
    __rt_lib_init                            0x0000013d   Thumb Code     0  libinit.o(.ARM.Collect$$libinit$$00000000)
    __rt_lib_init_alloca_1                   0x00000143   Thumb Code     0  libinit2.o(.ARM.Collect$$libinit$$0000002A)
    __rt_lib_init_argv_1                     0x00000143   Thumb Code     0  libinit2.o(.ARM.Collect$$libinit$$00000028)
    __rt_lib_init_atexit_1                   0x00000143   Thumb Code     0  libinit2.o(.ARM.Collect$$libinit$$00000017)
    __rt_lib_init_clock_1                    0x00000143   Thumb Code     0  libinit2.o(.ARM.Collect$$libinit$$0000001D)
    __rt_lib_init_cpp_1                      0x00000143   Thumb Code     0  libinit2.o(.ARM.Collect$$libinit$$0000002E)
    __rt_lib_init_exceptions_1               0x00000143   Thumb Code     0  libinit2.o(.ARM.Collect$$libinit$$0000002C)
    __rt_lib_init_fp_trap_1                  0x00000143   Thumb Code     0  libinit2.o(.ARM.Collect$$libinit$$0000001B)
    __rt_lib_init_getenv_1                   0x00000143   Thumb Code     0  libinit2.o(.ARM.Collect$$libinit$$0000001F)
    __rt_lib_init_heap_1                     0x00000143   Thumb Code     0  libinit2.o(.ARM.Collect$$libinit$$00000006)
    __rt_lib_init_lc_collate_1               0x00000143   Thumb Code     0  libinit2.o(.ARM.Collect$$libinit$$0000000D)
    __rt_lib_init_lc_ctype_1                 0x00000143   Thumb Code     0  libinit2.o(.ARM.Collect$$libinit$$0000000F)
    __rt_lib_init_lc_monetary_1              0x00000143   Thumb Code     0  libinit2.o(.ARM.Collect$$libinit$$00000011)
    __rt_lib_init_lc_numeric_1               0x00000143   Thumb Code     0  libinit2.o(.ARM.Collect$$libinit$$00000013)
    __rt_lib_init_lc_time_1                  0x00000143   Thumb Code     0  libinit2.o(.ARM.Collect$$libinit$$00000015)
    __rt_lib_init_rand_1                     0x00000143   Thumb Code     0  libinit2.o(.ARM.Collect$$libinit$$0000000A)
    __rt_lib_init_return                     0x00000143   Thumb Code     0  libinit2.o(.ARM.Collect$$libinit$$0000002F)
    __rt_lib_init_signal_1                   0x00000143   Thumb Code     0  libinit2.o(.ARM.Collect$$libinit$$00000019)
    __rt_lib_init_stdio_1                    0x00000143   Thumb Code     0  libinit2.o(.ARM.Collect$$libinit$$00000021)
    __rt_lib_init_user_alloc_1               0x00000143   Thumb Code     0  libinit2.o(.ARM.Collect$$libinit$$00000008)
    __rt_lib_shutdown                        0x00000145   Thumb Code     0  libshutdown.o(.ARM.Collect$$libshutdown$$00000000)
    __rt_lib_shutdown_fp_trap_1              0x00000147   Thumb Code     0  libshutdown2.o(.ARM.Collect$$libshutdown$$00000006)
    __rt_lib_shutdown_heap_1                 0x00000147   Thumb Code     0  libshutdown2.o(.ARM.Collect$$libshutdown$$0000000E)
    __rt_lib_shutdown_return                 0x00000147   Thumb Code     0  libshutdown2.o(.ARM.Collect$$libshutdown$$0000000F)
    __rt_lib_shutdown_signal_1               0x00000147   Thumb Code     0  libshutdown2.o(.ARM.Collect$$libshutdown$$00000009)
    __rt_lib_shutdown_stdio_1                0x00000147   Thumb Code     0  libshutdown2.o(.ARM.Collect$$libshutdown$$00000003)
    __rt_lib_shutdown_user_alloc_1           0x00000147   Thumb Code     0  libshutdown2.o(.ARM.Collect$$libshutdown$$0000000B)
    __rt_entry                               0x00000149   Thumb Code     0  rtentry.o(.ARM.Collect$$rtentry$$00000000)
    __rt_entry_presh_1                       0x00000149   Thumb Code     0  rtentry2.o(.ARM.Collect$$rtentry$$00000002)
    __rt_entry_sh                            0x00000149   Thumb Code     0  rtentry4.o(.ARM.Collect$$rtentry$$00000004)
    __rt_entry_li                            0x0000014f   Thumb Code     0  rtentry2.o(.ARM.Collect$$rtentry$$0000000A)
    __rt_entry_postsh_1                      0x0000014f   Thumb Code     0  rtentry2.o(.ARM.Collect$$rtentry$$00000009)
    __rt_entry_main                          0x00000153   Thumb Code     0  rtentry2.o(.ARM.Collect$$rtentry$$0000000D)
    __rt_entry_postli_1                      0x00000153   Thumb Code     0  rtentry2.o(.ARM.Collect$$rtentry$$0000000C)
    __rt_exit                                0x0000015b   Thumb Code     0  rtexit.o(.ARM.Collect$$rtexit$$00000000)
    __rt_exit_ls                             0x0000015d   Thumb Code     0  rtexit2.o(.ARM.Collect$$rtexit$$00000003)
    __rt_exit_prels_1                        0x0000015d   Thumb Code     0  rtexit2.o(.ARM.Collect$$rtexit$$00000002)
    __rt_exit_exit                           0x00000161   Thumb Code     0  rtexit2.o(.ARM.Collect$$rtexit$$00000004)
    __aeabi_memcpy4                          0x00000169   Thumb Code    56  rt_memcpy.o(.emb_text)
    __aeabi_memcpy8                          0x00000169   Thumb Code     0  rt_memcpy.o(.emb_text)
    Reset_Handler                            0x000001a1   Thumb Code    32  startup_nuc1xx.o(.text)
    NMI_Handler                              0x000001c1   Thumb Code     2  startup_nuc1xx.o(.text)
    HardFault_Handler                        0x000001c3   Thumb Code     2  startup_nuc1xx.o(.text)
    SVC_Handler                              0x000001c5   Thumb Code     2  startup_nuc1xx.o(.text)
    PendSV_Handler                           0x000001c7   Thumb Code     2  startup_nuc1xx.o(.text)
    SysTick_Handler                          0x000001c9   Thumb Code     2  startup_nuc1xx.o(.text)
    ACMP_IRQHandler                          0x000001cb   Thumb Code     0  startup_nuc1xx.o(.text)
    ADC_IRQHandler                           0x000001cb   Thumb Code     0  startup_nuc1xx.o(.text)
    CAN0_IRQHandler                          0x000001cb   Thumb Code     0  startup_nuc1xx.o(.text)
    I2C0_IRQHandler                          0x000001cb   Thumb Code     0  startup_nuc1xx.o(.text)
    I2C1_IRQHandler                          0x000001cb   Thumb Code     0  startup_nuc1xx.o(.text)
    I2S_IRQHandler                           0x000001cb   Thumb Code     0  startup_nuc1xx.o(.text)
    PDMA_IRQHandler                          0x000001cb   Thumb Code     0  startup_nuc1xx.o(.text)
    PS2_IRQHandler                           0x000001cb   Thumb Code     0  startup_nuc1xx.o(.text)
    PWMA_IRQHandler                          0x000001cb   Thumb Code     0  startup_nuc1xx.o(.text)
    PWMB_IRQHandler                          0x000001cb   Thumb Code     0  startup_nuc1xx.o(.text)
    RTC_IRQHandler                           0x000001cb   Thumb Code     0  startup_nuc1xx.o(.text)
    SPI0_IRQHandler                          0x000001cb   Thumb Code     0  startup_nuc1xx.o(.text)
    SPI1_IRQHandler                          0x000001cb   Thumb Code     0  startup_nuc1xx.o(.text)
    SPI2_IRQHandler                          0x000001cb   Thumb Code     0  startup_nuc1xx.o(.text)
    SPI3_IRQHandler                          0x000001cb   Thumb Code     0  startup_nuc1xx.o(.text)
    TMR1_IRQHandler                          0x000001cb   Thumb Code     0  startup_nuc1xx.o(.text)
    TMR2_IRQHandler                          0x000001cb   Thumb Code     0  startup_nuc1xx.o(.text)
    TMR3_IRQHandler                          0x000001cb   Thumb Code     0  startup_nuc1xx.o(.text)
    UART02_IRQHandler                        0x000001cb   Thumb Code     0  startup_nuc1xx.o(.text)
    UART1_IRQHandler                         0x000001cb   Thumb Code     0  startup_nuc1xx.o(.text)
    USBD_IRQHandler                          0x000001cb   Thumb Code     0  startup_nuc1xx.o(.text)
    WDT_IRQHandler                           0x000001cb   Thumb Code     0  startup_nuc1xx.o(.text)
    __user_initial_stackheap                 0x000001cd   Thumb Code     0  startup_nuc1xx.o(.text)
    __aeabi_memcpy                           0x00000205   Thumb Code   130  rt_memcpy.o(.text)
    __rt_memcpy                              0x00000205   Thumb Code     0  rt_memcpy.o(.text)
    __aeabi_uidiv                            0x00000287   Thumb Code     0  aeabi_sdiv.o(.text)
    __aeabi_uidivmod                         0x00000287   Thumb Code    20  aeabi_sdiv.o(.text)
    __aeabi_idiv                             0x0000029b   Thumb Code     0  aeabi_sdiv.o(.text)
    __aeabi_idivmod                          0x0000029b   Thumb Code   326  aeabi_sdiv.o(.text)
    __use_two_region_memory                  0x000003e1   Thumb Code     2  heapauxi.o(.text)
    __rt_heap_escrow$2region                 0x000003e3   Thumb Code     2  heapauxi.o(.text)
    __rt_heap_expand$2region                 0x000003e5   Thumb Code     2  heapauxi.o(.text)
    __user_setup_stackheap                   0x000003e7   Thumb Code    62  sys_stackheap_outer.o(.text)
    exit                                     0x00000425   Thumb Code    12  exit.o(.text)
    __user_libspace                          0x00000431   Thumb Code     8  libspace.o(.text)
    __user_perproc_libspace                  0x00000431   Thumb Code     0  libspace.o(.text)
    __user_perthread_libspace                0x00000431   Thumb Code     0  libspace.o(.text)
    _sys_exit                                0x00000439   Thumb Code     8  sys_exit.o(.text)
    __I$use$semihosting                      0x00000445   Thumb Code     0  use_no_semi.o(.text)
    __use_no_semihosting_swi                 0x00000445   Thumb Code     2  use_no_semi.o(.text)
    __semihosting_library_function           0x00000447   Thumb Code     0  indicate_semi.o(.text)
    BOD_IRQHandler                           0x00000449   Thumb Code    36  drvsys.o(i.BOD_IRQHandler)
    EINT0_IRQHandler                         0x00000471   Thumb Code    26  drvgpio.o(i.EINT0_IRQHandler)
    EINT1_IRQHandler                         0x00000495   Thumb Code    26  drvgpio.o(i.EINT1_IRQHandler)
    ELP                                      0x000004b9   Thumb Code    88  test_lcd_bmp.o(i.ELP)
    GPAB_IRQHandler                          0x00000515   Thumb Code    52  drvgpio.o(i.GPAB_IRQHandler)
    GPCDE_IRQHandler                         0x00000551   Thumb Code    56  drvgpio.o(i.GPCDE_IRQHandler)
    InitPWM                                  0x00000591   Thumb Code   148  test_lcd_bmp.o(i.InitPWM)
    InitTIMER0                               0x00000635   Thumb Code   122  test_lcd_bmp.o(i.InitTIMER0)
    Initial_Lcd                              0x000006c1   Thumb Code   722  test_lcd_bmp.o(i.Initial_Lcd)
    PWM4_Freq                                0x0000099d   Thumb Code   164  test_lcd_bmp.o(i.PWM4_Freq)
    PWRWU_IRQHandler                         0x00000a51   Thumb Code    32  drvsys.o(i.PWRWU_IRQHandler)
    SystemInit                               0x00000a79   Thumb Code     2  system_nuc1xx.o(i.SystemInit)
    TMR0_IRQHandler                          0x00000a7d   Thumb Code    40  test_lcd_bmp.o(i.TMR0_IRQHandler)
    _rand                                    0x00000ab5   Thumb Code    44  test_lcd_bmp.o(i._rand)
    draw                                     0x00000af1   Thumb Code   194  test_lcd_bmp.o(i.draw)
    elim_p                                   0x00000bb9   Thumb Code    56  test_lcd_bmp.o(i.elim_p)
    iaclear                                  0x00000bf5   Thumb Code    24  test_lcd_bmp.o(i.iaclear)
    ilog                                     0x00000c0d   Thumb Code    50  test_lcd_bmp.o(i.ilog)
    ipow                                     0x00000c3f   Thumb Code    34  test_lcd_bmp.o(i.ipow)
    kscanf                                   0x00000c61   Thumb Code   160  test_lcd_bmp.o(i.kscanf)
    main                                     0x00000d19   Thumb Code  7238  test_lcd_bmp.o(i.main)
    matter_clear                             0x000029b1   Thumb Code    42  test_lcd_bmp.o(i.matter_clear)
    n_kb                                     0x000029e1   Thumb Code    30  test_lcd_bmp.o(i.n_kb)
    redraw                                   0x00002a05   Thumb Code    54  test_lcd_bmp.o(i.redraw)
    rotate                                   0x00002a41   Thumb Code    70  test_lcd_bmp.o(i.rotate)
    t_draw                                   0x00002a91   Thumb Code    46  test_lcd_bmp.o(i.t_draw)
    test_bingo                               0x00002ac5   Thumb Code    36  test_lcd_bmp.o(i.test_bingo)
    Region$$Table$$Base                      0x00002afc   Number         0  anon$$obj.o(Region$$Table)
    Region$$Table$$Limit                     0x00002b1c   Number         0  anon$$obj.o(Region$$Table)
    SPI_PORT                                 0x20000000   Data          16  test_lcd_bmp.o(.data)
    new_T0_v                                 0x20000010   Data           2  test_lcd_bmp.o(.data)
    old_T0_v                                 0x20000012   Data           2  test_lcd_bmp.o(.data)
    itrpt_T0                                 0x20000014   Data           2  test_lcd_bmp.o(.data)
    restart_meter                            0x20000016   Data           2  test_lcd_bmp.o(.data)
    seg_num                                  0x20000018   Data          20  test_lcd_bmp.o(.data)
    seg_monitor                              0x2000002c   Data           8  test_lcd_bmp.o(.data)
    kf_delay                                 0x20000034   Data           2  test_lcd_bmp.o(.data)
    kf_d_t                                   0x20000036   Data           2  test_lcd_bmp.o(.data)
    s_del                                    0x20000038   Data           2  test_lcd_bmp.o(.data)
    n_del                                    0x2000003a   Data           2  test_lcd_bmp.o(.data)
    l_del                                    0x2000003c   Data           2  test_lcd_bmp.o(.data)
    duty_cycle                               0x2000003e   Data           1  test_lcd_bmp.o(.data)
    number8x8                                0x2000003f   Data          80  test_lcd_bmp.o(.data)
    number                                   0x2000008f   Data         176  test_lcd_bmp.o(.data)
    letter                                   0x2000013f   Data         416  test_lcd_bmp.o(.data)
    matter                                   0x200002e0   Data         680  test_lcd_bmp.o(.data)
    tetris                                   0x20000588   Data         112  test_lcd_bmp.o(.data)
    square                                   0x200005f8   Data          32  test_lcd_bmp.o(.data)
    sd                                       0x20000618   Data           2  test_lcd_bmp.o(.data)
    rd                                       0x2000061a   Data           2  test_lcd_bmp.o(.data)
    D_x                                      0x2000061c   Data           2  test_lcd_bmp.o(.data)
    D_y                                      0x2000061e   Data           2  test_lcd_bmp.o(.data)
    level                                    0x20000620   Data           2  test_lcd_bmp.o(.data)
    elim_y_max                               0x20000622   Data           2  test_lcd_bmp.o(.data)
    elim_y_min                               0x20000624   Data           2  test_lcd_bmp.o(.data)
    POINT                                    0x20000626   Data           2  test_lcd_bmp.o(.data)
    bz_1                                     0x20000628   Data           2  test_lcd_bmp.o(.data)
    bz_2                                     0x2000062a   Data           2  test_lcd_bmp.o(.data)
    bz_3                                     0x2000062c   Data           2  test_lcd_bmp.o(.data)
    bz_delay                                 0x2000062e   Data           2  test_lcd_bmp.o(.data)
    bz_d_t                                   0x20000630   Data           2  test_lcd_bmp.o(.data)
    bz_d_m                                   0x20000632   Data           2  test_lcd_bmp.o(.data)
    glance                                   0x20000634   Data           2  test_lcd_bmp.o(.data)
    rd_meter                                 0x20000636   Data           2  test_lcd_bmp.o(.data)
    tGPIO_C                                  0x20000638   Data           4  test_lcd_bmp.o(.data)
    tGPIO_E                                  0x2000063c   Data           4  test_lcd_bmp.o(.data)
    delay                                    0x20000640   Data           2  test_lcd_bmp.o(.data)
    rd_sq                                    0x20000642   Data           2  test_lcd_bmp.o(.data)
    rd_sq_temp                               0x20000644   Data           2  test_lcd_bmp.o(.data)
    sum_grid                                 0x20000646   Data           2  test_lcd_bmp.o(.data)
    point_size                               0x20000648   Data           2  test_lcd_bmp.o(.data)
    kb                                       0x20000664   Data          18  test_lcd_bmp.o(.bss)
    D                                        0x20000676   Data          16  test_lcd_bmp.o(.bss)
    temp_ob                                  0x20000686   Data          16  test_lcd_bmp.o(.bss)
    nD                                       0x20000696   Data          16  test_lcd_bmp.o(.bss)
    __libspace_start                         0x200006a8   Data          96  libspace.o(.bss)
    __temporary_stack_top$libspace           0x20000708   Data           0  libspace.o(.bss)



==============================================================================

Memory Map of the image

  Image Entry point : 0x000001a1

  Load Region LR_1 (Base: 0x00000000, Size: 0x00003180, Max: 0xffffffff, ABSOLUTE)

    Execution Region ER_RO (Base: 0x00000000, Size: 0x00002b1c, Max: 0xffffffff, ABSOLUTE)

    Base Addr    Size         Type   Attr      Idx    E Section Name        Object

    0x00000000   0x000000c0   Data   RO          239    RESET               startup_nuc1xx.o
    0x000000c0   0x00000008   Code   RO          805  * !!!main             c_p.l(__main.o)
    0x000000c8   0x0000003c   Code   RO          969    !!!scatter          c_p.l(__scatter.o)
    0x00000104   0x0000001a   Code   RO          971    !!handler_copy      c_p.l(__scatter_copy.o)
    0x0000011e   0x00000002   PAD
    0x00000120   0x0000001c   Code   RO          973    !!handler_zi        c_p.l(__scatter_zi.o)
    0x0000013c   0x00000006   Code   RO          843    .ARM.Collect$$libinit$$00000000  c_p.l(libinit.o)
    0x00000142   0x00000000   Code   RO          858    .ARM.Collect$$libinit$$00000006  c_p.l(libinit2.o)
    0x00000142   0x00000000   Code   RO          860    .ARM.Collect$$libinit$$00000008  c_p.l(libinit2.o)
    0x00000142   0x00000000   Code   RO          862    .ARM.Collect$$libinit$$0000000A  c_p.l(libinit2.o)
    0x00000142   0x00000000   Code   RO          865    .ARM.Collect$$libinit$$0000000D  c_p.l(libinit2.o)
    0x00000142   0x00000000   Code   RO          867    .ARM.Collect$$libinit$$0000000F  c_p.l(libinit2.o)
    0x00000142   0x00000000   Code   RO          869    .ARM.Collect$$libinit$$00000011  c_p.l(libinit2.o)
    0x00000142   0x00000000   Code   RO          871    .ARM.Collect$$libinit$$00000013  c_p.l(libinit2.o)
    0x00000142   0x00000000   Code   RO          873    .ARM.Collect$$libinit$$00000015  c_p.l(libinit2.o)
    0x00000142   0x00000000   Code   RO          875    .ARM.Collect$$libinit$$00000017  c_p.l(libinit2.o)
    0x00000142   0x00000000   Code   RO          877    .ARM.Collect$$libinit$$00000019  c_p.l(libinit2.o)
    0x00000142   0x00000000   Code   RO          879    .ARM.Collect$$libinit$$0000001B  c_p.l(libinit2.o)
    0x00000142   0x00000000   Code   RO          881    .ARM.Collect$$libinit$$0000001D  c_p.l(libinit2.o)
    0x00000142   0x00000000   Code   RO          883    .ARM.Collect$$libinit$$0000001F  c_p.l(libinit2.o)
    0x00000142   0x00000000   Code   RO          885    .ARM.Collect$$libinit$$00000021  c_p.l(libinit2.o)
    0x00000142   0x00000000   Code   RO          889    .ARM.Collect$$libinit$$00000028  c_p.l(libinit2.o)
    0x00000142   0x00000000   Code   RO          891    .ARM.Collect$$libinit$$0000002A  c_p.l(libinit2.o)
    0x00000142   0x00000000   Code   RO          893    .ARM.Collect$$libinit$$0000002C  c_p.l(libinit2.o)
    0x00000142   0x00000000   Code   RO          895    .ARM.Collect$$libinit$$0000002E  c_p.l(libinit2.o)
    0x00000142   0x00000002   Code   RO          896    .ARM.Collect$$libinit$$0000002F  c_p.l(libinit2.o)
    0x00000144   0x00000002   Code   RO          927    .ARM.Collect$$libshutdown$$00000000  c_p.l(libshutdown.o)
    0x00000146   0x00000000   Code   RO          954    .ARM.Collect$$libshutdown$$00000003  c_p.l(libshutdown2.o)
    0x00000146   0x00000000   Code   RO          957    .ARM.Collect$$libshutdown$$00000006  c_p.l(libshutdown2.o)
    0x00000146   0x00000000   Code   RO          960    .ARM.Collect$$libshutdown$$00000009  c_p.l(libshutdown2.o)
    0x00000146   0x00000000   Code   RO          962    .ARM.Collect$$libshutdown$$0000000B  c_p.l(libshutdown2.o)
    0x00000146   0x00000000   Code   RO          965    .ARM.Collect$$libshutdown$$0000000E  c_p.l(libshutdown2.o)
    0x00000146   0x00000002   Code   RO          966    .ARM.Collect$$libshutdown$$0000000F  c_p.l(libshutdown2.o)
    0x00000148   0x00000000   Code   RO          807    .ARM.Collect$$rtentry$$00000000  c_p.l(rtentry.o)
    0x00000148   0x00000000   Code   RO          813    .ARM.Collect$$rtentry$$00000002  c_p.l(rtentry2.o)
    0x00000148   0x00000006   Code   RO          825    .ARM.Collect$$rtentry$$00000004  c_p.l(rtentry4.o)
    0x0000014e   0x00000000   Code   RO          815    .ARM.Collect$$rtentry$$00000009  c_p.l(rtentry2.o)
    0x0000014e   0x00000004   Code   RO          816    .ARM.Collect$$rtentry$$0000000A  c_p.l(rtentry2.o)
    0x00000152   0x00000000   Code   RO          818    .ARM.Collect$$rtentry$$0000000C  c_p.l(rtentry2.o)
    0x00000152   0x00000008   Code   RO          819    .ARM.Collect$$rtentry$$0000000D  c_p.l(rtentry2.o)
    0x0000015a   0x00000002   Code   RO          848    .ARM.Collect$$rtexit$$00000000  c_p.l(rtexit.o)
    0x0000015c   0x00000000   Code   RO          902    .ARM.Collect$$rtexit$$00000002  c_p.l(rtexit2.o)
    0x0000015c   0x00000004   Code   RO          903    .ARM.Collect$$rtexit$$00000003  c_p.l(rtexit2.o)
    0x00000160   0x00000006   Code   RO          904    .ARM.Collect$$rtexit$$00000004  c_p.l(rtexit2.o)
    0x00000166   0x00000002   PAD
    0x00000168   0x00000038   Code   RO          795    .emb_text           c_p.l(rt_memcpy.o)
    0x000001a0   0x00000064   Code   RO          240  * .text               startup_nuc1xx.o
    0x00000204   0x00000082   Code   RO          796    .text               c_p.l(rt_memcpy.o)
    0x00000286   0x0000015a   Code   RO          799    .text               c_p.l(aeabi_sdiv.o)
    0x000003e0   0x00000006   Code   RO          803    .text               c_p.l(heapauxi.o)
    0x000003e6   0x0000003e   Code   RO          829    .text               c_p.l(sys_stackheap_outer.o)
    0x00000424   0x0000000c   Code   RO          832    .text               c_p.l(exit.o)
    0x00000430   0x00000008   Code   RO          844    .text               c_p.l(libspace.o)
    0x00000438   0x0000000c   Code   RO          899    .text               c_p.l(sys_exit.o)
    0x00000444   0x00000002   Code   RO          916    .text               c_p.l(use_no_semi.o)
    0x00000446   0x00000000   Code   RO          918    .text               c_p.l(indicate_semi.o)
    0x00000446   0x00000002   PAD
    0x00000448   0x00000028   Code   RO          492    i.BOD_IRQHandler    drvsys.o
    0x00000470   0x00000024   Code   RO          275    i.EINT0_IRQHandler  drvgpio.o
    0x00000494   0x00000024   Code   RO          276    i.EINT1_IRQHandler  drvgpio.o
    0x000004b8   0x0000005c   Code   RO           60    i.ELP               test_lcd_bmp.o
    0x00000514   0x0000003c   Code   RO          277    i.GPAB_IRQHandler   drvgpio.o
    0x00000550   0x00000040   Code   RO          278    i.GPCDE_IRQHandler  drvgpio.o
    0x00000590   0x000000a4   Code   RO           61    i.InitPWM           test_lcd_bmp.o
    0x00000634   0x0000008c   Code   RO           62    i.InitTIMER0        test_lcd_bmp.o
    0x000006c0   0x000002dc   Code   RO           63    i.Initial_Lcd       test_lcd_bmp.o
    0x0000099c   0x000000b4   Code   RO           65    i.PWM4_Freq         test_lcd_bmp.o
    0x00000a50   0x00000028   Code   RO          540    i.PWRWU_IRQHandler  drvsys.o
    0x00000a78   0x00000002   Code   RO           18    i.SystemInit        system_nuc1xx.o
    0x00000a7a   0x00000002   PAD
    0x00000a7c   0x00000038   Code   RO           66    i.TMR0_IRQHandler   test_lcd_bmp.o
    0x00000ab4   0x0000003c   Code   RO           67    i._rand             test_lcd_bmp.o
    0x00000af0   0x000000c8   Code   RO           68    i.draw              test_lcd_bmp.o
    0x00000bb8   0x0000003c   Code   RO           69    i.elim_p            test_lcd_bmp.o
    0x00000bf4   0x00000018   Code   RO           70    i.iaclear           test_lcd_bmp.o
    0x00000c0c   0x00000032   Code   RO           74    i.ilog              test_lcd_bmp.o
    0x00000c3e   0x00000022   Code   RO           75    i.ipow              test_lcd_bmp.o
    0x00000c60   0x000000b8   Code   RO           76    i.kscanf            test_lcd_bmp.o
    0x00000d18   0x00001c98   Code   RO           78    i.main              test_lcd_bmp.o
    0x000029b0   0x00000030   Code   RO           79    i.matter_clear      test_lcd_bmp.o
    0x000029e0   0x00000024   Code   RO           80    i.n_kb              test_lcd_bmp.o
    0x00002a04   0x0000003c   Code   RO           81    i.redraw            test_lcd_bmp.o
    0x00002a40   0x00000050   Code   RO           82    i.rotate            test_lcd_bmp.o
    0x00002a90   0x00000034   Code   RO           83    i.t_draw            test_lcd_bmp.o
    0x00002ac4   0x00000028   Code   RO           84    i.test_bingo        test_lcd_bmp.o
    0x00002aec   0x0000000e   Data   RO           86    .constdata          test_lcd_bmp.o
    0x00002afa   0x00000002   PAD
    0x00002afc   0x00000020   Data   RO          967    Region$$Table       anon$$obj.o


    Execution Region ER_RW (Base: 0x20000000, Size: 0x00000664, Max: 0xffffffff, ABSOLUTE)

    Base Addr    Size         Type   Attr      Idx    E Section Name        Object

    0x20000000   0x0000064a   Data   RW           87    .data               test_lcd_bmp.o
    0x2000064a   0x00000002   PAD
    0x2000064c   0x00000010   Data   RW          282    .data               drvgpio.o
    0x2000065c   0x00000008   Data   RW          542    .data               drvsys.o


    Execution Region ER_ZI (Base: 0x20000664, Size: 0x000004a4, Max: 0xffffffff, ABSOLUTE)

    Base Addr    Size         Type   Attr      Idx    E Section Name        Object

    0x20000664   0x00000042   Zero   RW           85    .bss                test_lcd_bmp.o
    0x200006a6   0x00000002   PAD
    0x200006a8   0x00000060   Zero   RW          845    .bss                c_p.l(libspace.o)
    0x20000708   0x00000000   Zero   RW          238    HEAP                startup_nuc1xx.o
    0x20000708   0x00000400   Zero   RW          237    STACK               startup_nuc1xx.o


==============================================================================

Image component sizes


      Code (inc. data)   RO Data    RW Data    ZI Data      Debug   Object Name

         0          0          0          0          0       4204   core_cm0.o
       196         36          0         16          0     120367   drvgpio.o
        80         12          0          8          0       4032   drvsys.o
       100         46        192          0       1024        632   startup_nuc1xx.o
         2          0          0          0          0     117773   system_nuc1xx.o
      9612        598         14       1610         66      23918   test_lcd_bmp.o

    ----------------------------------------------------------------------
      9992        692        240       1636       1092     270926   Object Totals
         0          0         32          0          0          0   (incl. Generated)
         2          0          2          2          2          0   (incl. Padding)

    ----------------------------------------------------------------------

      Code (inc. data)   RO Data    RW Data    ZI Data      Debug   Library Member Name

         8          0          0          0          0         68   __main.o
        60          8          0          0          0          0   __scatter.o
        26          0          0          0          0          0   __scatter_copy.o
        28          0          0          0          0          0   __scatter_zi.o
       346          0          0          0          0         92   aeabi_sdiv.o
        12          0          0          0          0         64   exit.o
         6          0          0          0          0        136   heapauxi.o
         0          0          0          0          0          0   indicate_semi.o
         6          0          0          0          0          0   libinit.o
         2          0          0          0          0          0   libinit2.o
         2          0          0          0          0          0   libshutdown.o
         2          0          0          0          0          0   libshutdown2.o
         8          4          0          0         96         68   libspace.o
       186          0          0          0          0        144   rt_memcpy.o
         0          0          0          0          0          0   rtentry.o
        12          0          0          0          0          0   rtentry2.o
         6          0          0          0          0          0   rtentry4.o
         2          0          0          0          0          0   rtexit.o
        10          0          0          0          0          0   rtexit2.o
        12          4          0          0          0         60   sys_exit.o
        62          0          0          0          0         80   sys_stackheap_outer.o
         2          0          0          0          0         68   use_no_semi.o

    ----------------------------------------------------------------------
       804         16          0          0         96        780   Library Totals
         6          0          0          0          0          0   (incl. Padding)

    ----------------------------------------------------------------------

      Code (inc. data)   RO Data    RW Data    ZI Data      Debug   Library Name

       798         16          0          0         96        780   c_p.l

    ----------------------------------------------------------------------
       804         16          0          0         96        780   Library Totals

    ----------------------------------------------------------------------

==============================================================================


      Code (inc. data)   RO Data    RW Data    ZI Data      Debug   

     10796        708        240       1636       1188     270206   Grand Totals
     10796        708        240       1636       1188     270206   ELF Image Totals
     10796        708        240       1636          0          0   ROM Totals

==============================================================================

    Total RO  Size (Code + RO Data)                11036 (  10.78kB)
    Total RW  Size (RW Data + ZI Data)              2824 (   2.76kB)
    Total ROM Size (Code + RO Data + RW Data)      12672 (  12.38kB)

==============================================================================

